Fri Aug  7 13:20:15 2026: ✅ Login OK
✅ AI سالم
Fri Aug  7 14:20:30 2026: ✅ Login OK
✅ AI سالم
Fri Aug  7 15:20:41 2026: ✅ Login OK
✅ AI سالم
Fri Aug  7 16:20:57 2026: ✅ Login OK
✅ AI سالم
Fri Aug  7 17:21:03 2026: ✅ Login OK
✅ AI سالم
Fri Aug  7 18:21:12 2026: ✅ Login OK
✅ AI سالم
Fri Aug  7 19:21:22 2026: ✅ Login OK
✅ AI سالم
Fri Aug  7 20:21:42 2026: ✅ Login OK
✅ AI سالم
Fri Aug  7 21:21:53 2026: ✅ Login OK
✅ AI سالم
Fri Aug  7 22:22:03 2026: ✅ Login OK
✅ AI سالم
Fri Aug  7 23:22:16 2026: ✅ Login OK
✅ AI سالم
Sat Aug  8 00:22:23 2026: ✅ Login OK
✅ AI سالم
Sat Aug  8 01:22:34 2026: ✅ Login OK
✅ AI سالم
Sat Aug  8 02:22:46 2026: ✅ Login OK
✅ AI سالم
Sat Aug  8 03:22:58 2026: ✅ Login OK
✅ AI سالم
Sat Aug  8 04:23:10 2026: ✅ Login OK
✅ AI سالم
Sat Aug  8 05:23:17 2026: ✅ Login OK
✅ AI سالم
Sat Aug  8 06:23:31 2026: ✅ Login OK
✅ AI سالم
Sat Aug  8 07:23:42 2026: ✅ Login OK
✅ AI سالم
Sat Aug  8 08:24:02 2026: ✅ Login OK
✅ AI سالم
Sat Aug  8 09:24:14 2026: ✅ Login OK
✅ AI سالم
Sat Aug  8 10:24:28 2026: ✅ Login OK
✅ AI سالم
Sat Aug  8 11:24:34 2026: ✅ Login OK
✅ AI سالم
Sat Aug  8 12:24:46 2026: ✅ Login OK
✅ AI سالم
Sat Aug  8 13:25:06 2026: ✅ Login OK
✅ AI سالم
Sat Aug  8 14:25:22 2026: ✅ Login OK
✅ AI سالم
Sat Aug  8 15:25:41 2026: ✅ Login OK
✅ AI سالم
Sat Aug  8 16:25:52 2026: ✅ Login OK
✅ AI سالم
Sat Aug  8 17:26:05 2026: ✅ Login OK
✅ AI سالم
Sat Aug  8 18:26:16 2026: ✅ Login OK
✅ AI سالم
Sat Aug  8 19:26:29 2026: ✅ Login OK
✅ AI سالم
Sat Aug  8 20:26:44 2026: ✅ Login OK
✅ AI سالم
Sat Aug  8 21:27:09 2026: ✅ Login OK
✅ AI سالم
Sat Aug  8 22:27:19 2026: ✅ Login OK
✅ AI سالم
Sat Aug  8 23:27:31 2026: ✅ Login OK
✅ AI سالم
Sun Aug  9 00:27:47 2026: ✅ Login OK
✅ AI سالم
Sun Aug  9 01:27:57 2026: ✅ Login OK
✅ AI سالم
Sun Aug  9 02:28:08 2026: ✅ Login OK
✅ AI سالم
Sun Aug  9 03:28:21 2026: ✅ Login OK
✅ AI سالم
Sun Aug  9 04:28:28 2026: ✅ Login OK
✅ AI سالم
Sun Aug  9 05:28:45 2026: ✅ Login OK
✅ AI سالم
Sun Aug  9 06:29:16 2026: ✅ Login OK
✅ AI سالم
Sun Aug  9 07:29:28 2026: ✅ Login OK
✅ AI سالم
Sun Aug  9 08:29:43 2026: ✅ Login OK
✅ AI سالم
Sun Aug  9 09:29:56 2026: ✅ Login OK
✅ AI سالم
Sun Aug  9 10:30:07 2026: ✅ Login OK
✅ AI سالم
Sun Aug  9 11:30:21 2026: ✅ Login OK
✅ AI سالم
Sun Aug  9 12:30:32 2026: ✅ Login OK
✅ AI سالم
Sun Aug  9 13:30:54 2026: ✅ Login OK
✅ AI سالم
Sun Aug  9 14:31:11 2026: ✅ Login OK
✅ AI سالم
Sun Aug  9 15:31:22 2026: ✅ Login OK
✅ AI سالم
Sun Aug  9 16:31:49 2026: ✅ Login OK
✅ AI سالم
Sun Aug  9 17:32:07 2026: ✅ Login OK
✅ AI سالم
Sun Aug  9 18:32:19 2026: ✅ Login OK
✅ AI سالم
Sun Aug  9 19:32:30 2026: ✅ Login OK
✅ AI سالم
Sun Aug  9 20:32:41 2026: ✅ Login OK
✅ AI سالم
Sun Aug  9 21:32:59 2026: ✅ Login OK
✅ AI سالم
Sun Aug  9 22:33:21 2026: ✅ Login OK
✅ AI سالم
Sun Aug  9 23:33:34 2026: ✅ Login OK
✅ AI سالم
Mon Aug 10 00:33:45 2026: ✅ Login OK
✅ AI سالم
Mon Aug 10 01:33:58 2026: ✅ Login OK
✅ AI سالم
Mon Aug 10 02:34:12 2026: ✅ Login OK
✅ AI سالم
Mon Aug 10 03:34:27 2026: ✅ Login OK
✅ AI سالم
Mon Aug 10 04:34:38 2026: ✅ Login OK
✅ AI سالم
Mon Aug 10 05:34:48 2026: ✅ Login OK
✅ AI سالم
Mon Aug 10 06:35:07 2026: ✅ Login OK
✅ AI سالم
Mon Aug 10 07:35:22 2026: ✅ Login OK
✅ AI سالم
Mon Aug 10 08:36:14 2026: ✅ Login OK
❌ AI Chat: The read operation timed out
⚠️ مشکل:
Mon Aug 10 08:36:14 2026: ERROR: 
Mon Aug 10 09:36:33 2026: ✅ Login OK
✅ AI سالم
Mon Aug 10 10:36:55 2026: ✅ Login OK
✅ AI سالم
Mon Aug 10 11:37:22 2026: ✅ Login OK
✅ AI سالم
Mon Aug 10 12:37:40 2026: ✅ Login OK
✅ AI سالم
Mon Aug 10 13:38:13 2026: ✅ Login OK
❌ AI Chat: The read operation timed out
⚠️ مشکل:
Mon Aug 10 13:38:13 2026: ERROR: 
Mon Aug 10 14:38:21 2026: ✅ Login OK
✅ AI سالم
Mon Aug 10 15:38:32 2026: ✅ Login OK
✅ AI سالم
Mon Aug 10 16:38:45 2026: ✅ Login OK
✅ AI سالم
Mon Aug 10 17:39:01 2026: ✅ Login OK
✅ AI سالم
Mon Aug 10 18:39:18 2026: ✅ Login OK
✅ AI سالم
Mon Aug 10 19:39:31 2026: ✅ Login OK
✅ AI سالم
Mon Aug 10 20:39:43 2026: ✅ Login OK
✅ AI سالم
Mon Aug 10 21:39:55 2026: ✅ Login OK
✅ AI سالم
Mon Aug 10 22:40:15 2026: ✅ Login OK
✅ AI سالم
Mon Aug 10 23:40:21 2026: ✅ Login OK
✅ AI سالم
Tue Aug 11 00:40:37 2026: ✅ Login OK
✅ AI سالم
Tue Aug 11 01:40:53 2026: ✅ Login OK
✅ AI سالم
Tue Aug 11 02:41:06 2026: ✅ Login OK
✅ AI سالم
Tue Aug 11 03:41:23 2026: ✅ Login OK
✅ AI سالم
Tue Aug 11 04:41:40 2026: ✅ Login OK
✅ AI سالم
Tue Aug 11 05:41:59 2026: ✅ Login OK
✅ AI سالم
Tue Aug 11 06:42:12 2026: ✅ Login OK
✅ AI سالم
Tue Aug 11 07:42:32 2026: ✅ Login OK
✅ AI سالم
Tue Aug 11 08:42:53 2026: ✅ Login OK
✅ AI سالم
Tue Aug 11 09:43:13 2026: ✅ Login OK
✅ AI سالم
Tue Aug 11 10:43:37 2026: ✅ Login OK
✅ AI سالم
Tue Aug 11 11:44:10 2026: ✅ Login OK
❌ AI Chat: The read operation timed out
⚠️ مشکل:
Tue Aug 11 11:44:10 2026: ERROR: 
Tue Aug 11 12:44:15 2026: ✅ Login OK
✅ AI سالم
Tue Aug 11 13:44:34 2026: ✅ Login OK
✅ AI سالم
Tue Aug 11 14:44:51 2026: ✅ Login OK
✅ AI سالم
Tue Aug 11 15:45:08 2026: ✅ Login OK
✅ AI سالم
Tue Aug 11 16:45:23 2026: ✅ Login OK
✅ AI سالم
Tue Aug 11 17:45:28 2026: ✅ Login OK
✅ AI سالم
Tue Aug 11 18:45:39 2026: ✅ Login OK
✅ AI سالم
Tue Aug 11 19:45:49 2026: ✅ Login OK
✅ AI سالم
Tue Aug 11 20:46:04 2026: ✅ Login OK
✅ AI سالم
Tue Aug 11 21:46:10 2026: ✅ Login OK
✅ AI سالم
Tue Aug 11 22:46:25 2026: ✅ Login OK
✅ AI سالم
Tue Aug 11 23:46:30 2026: ✅ Login OK
✅ AI سالم
Wed Aug 12 00:46:45 2026: ✅ Login OK
✅ AI سالم
Wed Aug 12 01:46:58 2026: ✅ Login OK
✅ AI سالم
Wed Aug 12 02:47:10 2026: ✅ Login OK
✅ AI سالم
Wed Aug 12 03:47:28 2026: ✅ Login OK
✅ AI سالم
Wed Aug 12 04:47:37 2026: ✅ Login OK
❌ AI Chat: HTTP Error 503: Service Unavailable
⚠️ مشکل:
Wed Aug 12 04:47:37 2026: ERROR: 
Wed Aug 12 05:47:50 2026: ✅ Login OK
✅ AI سالم
Wed Aug 12 06:48:02 2026: ✅ Login OK
✅ AI سالم
Wed Aug 12 07:48:14 2026: ✅ Login OK
✅ AI سالم
Wed Aug 12 08:48:25 2026: ✅ Login OK
✅ AI سالم
Wed Aug 12 09:48:35 2026: ✅ Login OK
✅ AI سالم
Wed Aug 12 10:48:47 2026: ✅ Login OK
✅ AI سالم
Wed Aug 12 11:48:57 2026: ✅ Login OK
✅ AI سالم
Wed Aug 12 12:49:03 2026: ✅ Login OK
✅ AI سالم
Wed Aug 12 13:49:20 2026: ✅ Login OK
✅ AI سالم
Wed Aug 12 14:49:45 2026: ✅ Login OK
✅ AI سالم
Wed Aug 12 15:49:53 2026: ✅ Login OK
✅ AI سالم
Wed Aug 12 16:50:22 2026: ✅ Login OK
✅ AI سالم
Wed Aug 12 17:51:40 2026: ✅ Login OK
❌ AI Chat: The read operation timed out
❌ Dashboard Page: The read operation timed out
⚠️ مشکل:
Wed Aug 12 17:51:40 2026: ERROR: 
Wed Aug 12 18:51:52 2026: ✅ Login OK
✅ AI سالم
Wed Aug 12 19:52:04 2026: ✅ Login OK
✅ AI سالم
Wed Aug 12 20:52:16 2026: ✅ Login OK
✅ AI سالم
Wed Aug 12 21:52:42 2026: ✅ Login OK
✅ AI سالم
Wed Aug 12 22:53:08 2026: ✅ Login OK
✅ AI سالم
Wed Aug 12 23:54:40 2026: ✅ Login OK
❌ AI Chat: The read operation timed out
❌ Dashboard Page: The read operation timed out
⚠️ مشکل:
Wed Aug 12 23:54:40 2026: ERROR: 
Thu Aug 13 00:56:12 2026: ✅ Login OK
❌ AI Chat: The read operation timed out
❌ Dashboard Page: The read operation timed out
⚠️ مشکل:
Thu Aug 13 00:56:12 2026: ERROR: 
Thu Aug 13 01:57:45 2026: ✅ Login OK
❌ AI Chat: The read operation timed out
❌ Dashboard Page: The read operation timed out
❌ Meals Page: The read operation timed out
⚠️ مشکل:
Thu Aug 13 01:57:45 2026: ERROR: 
Thu Aug 13 02:57:52 2026: ✅ Login OK
✅ AI سالم
Thu Aug 13 03:58:38 2026: ✅ Login OK
❌ AI Chat: The read operation timed out
⚠️ مشکل:
Thu Aug 13 03:58:38 2026: ERROR: 
Thu Aug 13 04:58:50 2026: ✅ Login OK
✅ AI سالم
Thu Aug 13 05:59:03 2026: ✅ Login OK
✅ AI سالم
Thu Aug 13 07:00:35 2026: ✅ Login OK
❌ AI Chat: The read operation timed out
❌ Dashboard Page: The read operation timed out
⚠️ مشکل:
Thu Aug 13 07:00:35 2026: ERROR: 
Thu Aug 13 08:01:04 2026: ✅ Login OK
✅ AI سالم
Thu Aug 13 09:01:17 2026: ✅ Login OK
✅ AI سالم
Thu Aug 13 10:01:29 2026: ✅ Login OK
✅ AI سالم
Thu Aug 13 11:01:59 2026: ✅ Login OK
✅ AI سالم
Thu Aug 13 12:02:11 2026: ✅ Login OK
✅ AI سالم
Thu Aug 13 13:02:44 2026: ✅ Login OK
❌ AI Chat: The read operation timed out
⚠️ مشکل:
Thu Aug 13 13:02:44 2026: ERROR: 
Thu Aug 13 14:03:22 2026: ✅ Login OK
❌ AI Chat: The read operation timed out
⚠️ مشکل:
Thu Aug 13 14:03:22 2026: ERROR: 
Thu Aug 13 15:03:42 2026: ✅ Login OK
✅ AI سالم
Thu Aug 13 16:03:54 2026: ✅ Login OK
✅ AI سالم
Thu Aug 13 17:04:05 2026: ✅ Login OK
✅ AI سالم
Thu Aug 13 18:04:17 2026: ✅ Login OK
✅ AI سالم
Thu Aug 13 19:04:27 2026: ✅ Login OK
✅ AI سالم
Thu Aug 13 20:04:41 2026: ✅ Login OK
✅ AI سالم
Thu Aug 13 21:04:54 2026: ✅ Login OK
✅ AI سالم
Thu Aug 13 22:05:17 2026: ✅ Login OK
✅ AI سالم
Thu Aug 13 23:05:32 2026: ✅ Login OK
✅ AI سالم
Fri Aug 14 00:05:43 2026: ✅ Login OK
✅ AI سالم
Fri Aug 14 01:05:48 2026: ✅ Login OK
✅ AI سالم
Fri Aug 14 02:06:00 2026: ✅ Login OK
✅ AI سالم
Fri Aug 14 03:06:11 2026: ✅ Login OK
✅ AI سالم
Fri Aug 14 04:06:23 2026: ✅ Login OK
✅ AI سالم
Fri Aug 14 05:06:35 2026: ✅ Login OK
✅ AI سالم
Fri Aug 14 06:06:47 2026: ✅ Login OK
✅ AI سالم
Fri Aug 14 07:07:00 2026: ✅ Login OK
✅ AI سالم
Fri Aug 14 08:07:12 2026: ✅ Login OK
✅ AI سالم
Fri Aug 14 09:07:20 2026: ✅ Login OK
✅ AI سالم
Fri Aug 14 10:07:25 2026: ✅ Login OK
✅ AI سالم
Fri Aug 14 11:07:38 2026: ✅ Login OK
✅ AI سالم
Fri Aug 14 12:07:51 2026: ✅ Login OK
✅ AI سالم
Fri Aug 14 13:08:04 2026: ✅ Login OK
✅ AI سالم
Fri Aug 14 14:08:17 2026: ✅ Login OK
✅ AI سالم
Fri Aug 14 15:08:24 2026: ✅ Login OK
✅ AI سالم
Fri Aug 14 16:08:32 2026: ✅ Login OK
✅ AI سالم
Fri Aug 14 17:08:44 2026: ✅ Login OK
✅ AI سالم
Fri Aug 14 18:08:57 2026: ✅ Login OK
✅ AI سالم
Fri Aug 14 19:09:09 2026: ✅ Login OK
✅ AI سالم
Fri Aug 14 20:09:21 2026: ✅ Login OK
✅ AI سالم
Fri Aug 14 21:09:33 2026: ✅ Login OK
✅ AI سالم
Fri Aug 14 22:09:46 2026: ✅ Login OK
✅ AI سالم
Fri Aug 14 23:09:55 2026: ✅ Login OK
✅ AI سالم
Sat Aug 15 00:10:08 2026: ✅ Login OK
✅ AI سالم
Sat Aug 15 01:10:20 2026: ✅ Login OK
✅ AI سالم
Sat Aug 15 02:10:32 2026: ✅ Login OK
✅ AI سالم
Sat Aug 15 03:10:42 2026: ✅ Login OK
✅ AI سالم
Sat Aug 15 04:10:50 2026: ✅ Login OK
✅ AI سالم
Sat Aug 15 05:11:01 2026: ✅ Login OK
✅ AI سالم
Sat Aug 15 06:11:15 2026: ✅ Login OK
✅ AI سالم
Sat Aug 15 07:11:28 2026: ✅ Login OK
✅ AI سالم
Sat Aug 15 08:11:42 2026: ✅ Login OK
✅ AI سالم
Sat Aug 15 09:11:58 2026: ✅ Login OK
✅ AI سالم
Sat Aug 15 10:12:12 2026: ✅ Login OK
✅ AI سالم
Sat Aug 15 11:12:25 2026: ✅ Login OK
✅ AI سالم
Sat Aug 15 12:12:55 2026: ✅ Login OK
✅ AI سالم
Sat Aug 15 13:13:08 2026: ✅ Login OK
✅ AI سالم
Sat Aug 15 14:13:16 2026: ✅ Login OK
✅ AI سالم
Sat Aug 15 15:13:27 2026: ✅ Login OK
✅ AI سالم
Sat Aug 15 16:13:36 2026: ✅ Login OK
✅ AI سالم
Sat Aug 15 17:13:42 2026: ✅ Login OK
✅ AI سالم
Sat Aug 15 18:14:01 2026: ✅ Login OK
✅ AI سالم
Sat Aug 15 19:14:13 2026: ✅ Login OK
✅ AI سالم
Sat Aug 15 20:14:26 2026: ✅ Login OK
✅ AI سالم
Sat Aug 15 21:14:38 2026: ✅ Login OK
✅ AI سالم
Sat Aug 15 22:14:51 2026: ✅ Login OK
✅ AI سالم
Sat Aug 15 23:15:00 2026: ✅ Login OK
✅ AI سالم
Sun Aug 16 00:15:11 2026: ✅ Login OK
✅ AI سالم
Sun Aug 16 01:15:23 2026: ✅ Login OK
✅ AI سالم
Sun Aug 16 02:15:36 2026: ✅ Login OK
✅ AI سالم
Sun Aug 16 03:15:50 2026: ✅ Login OK
✅ AI سالم
Sun Aug 16 04:16:00 2026: ✅ Login OK
✅ AI سالم
Sun Aug 16 05:16:15 2026: ✅ Login OK
✅ AI سالم
Sun Aug 16 06:16:27 2026: ✅ Login OK
✅ AI سالم
Sun Aug 16 07:16:37 2026: ✅ Login OK
✅ AI سالم
Sun Aug 16 08:16:45 2026: ✅ Login OK
✅ AI سالم
Sun Aug 16 09:16:58 2026: ✅ Login OK
✅ AI سالم
Sun Aug 16 10:17:09 2026: ✅ Login OK
✅ AI سالم
Sun Aug 16 11:17:21 2026: ✅ Login OK
✅ AI سالم
Sun Aug 16 12:17:34 2026: ✅ Login OK
✅ AI سالم
Sun Aug 16 13:17:46 2026: ✅ Login OK
✅ AI سالم
Sun Aug 16 14:17:57 2026: ✅ Login OK
✅ AI سالم
Sun Aug 16 15:18:08 2026: ✅ Login OK
✅ AI سالم
Sun Aug 16 16:18:13 2026: ✅ Login OK
✅ AI سالم
Sun Aug 16 17:18:26 2026: ✅ Login OK
✅ AI سالم
Sun Aug 16 18:18:40 2026: ✅ Login OK
✅ AI سالم
Sun Aug 16 19:18:52 2026: ✅ Login OK
✅ AI سالم
Sun Aug 16 20:19:00 2026: ✅ Login OK
✅ AI سالم
Sun Aug 16 21:19:12 2026: ✅ Login OK
✅ AI سالم
Sun Aug 16 22:19:25 2026: ✅ Login OK
✅ AI سالم
Sun Aug 16 23:19:32 2026: ✅ Login OK
✅ AI سالم
Mon Aug 17 00:19:43 2026: ✅ Login OK
✅ AI سالم
Mon Aug 17 01:19:55 2026: ✅ Login OK
✅ AI سالم
Mon Aug 17 02:20:05 2026: ✅ Login OK
✅ AI سالم
Mon Aug 17 03:20:17 2026: ✅ Login OK
✅ AI سالم
Mon Aug 17 04:20:27 2026: ✅ Login OK
✅ AI سالم
Mon Aug 17 05:20:48 2026: ✅ Login OK
✅ AI سالم
Mon Aug 17 06:21:53 2026: ✅ Login OK
❌ AI Chat: The read operation timed out
❌ Dashboard Page: The read operation timed out
⚠️ مشکل:
Mon Aug 17 06:21:53 2026: ERROR: 
Mon Aug 17 07:22:05 2026: ✅ Login OK
✅ AI سالم
Mon Aug 17 08:22:33 2026: ✅ Login OK
✅ AI سالم
Mon Aug 17 09:22:45 2026: ✅ Login OK
✅ AI سالم
Mon Aug 17 10:23:23 2026: ✅ Login OK
❌ AI Chat: The read operation timed out
⚠️ مشکل:
Mon Aug 17 10:23:23 2026: ERROR: 
Mon Aug 17 11:23:30 2026: ✅ Login OK
✅ AI سالم
Mon Aug 17 12:24:04 2026: ✅ Login OK
✅ AI سالم
Mon Aug 17 13:24:20 2026: ✅ Login OK
✅ AI سالم
Mon Aug 17 14:24:33 2026: ✅ Login OK
✅ AI سالم
Mon Aug 17 15:24:44 2026: ✅ Login OK
✅ AI سالم
Mon Aug 17 16:24:55 2026: ✅ Login OK
✅ AI سالم
Mon Aug 17 17:25:08 2026: ✅ Login OK
✅ AI سالم
Mon Aug 17 18:25:19 2026: ✅ Login OK
✅ AI سالم
Mon Aug 17 19:25:29 2026: ✅ Login OK
✅ AI سالم
Mon Aug 17 20:25:41 2026: ✅ Login OK
✅ AI سالم
Mon Aug 17 21:25:55 2026: ✅ Login OK
✅ AI سالم
Mon Aug 17 22:26:07 2026: ✅ Login OK
✅ AI سالم
Mon Aug 17 23:26:15 2026: ✅ Login OK
✅ AI سالم
Tue Aug 18 00:26:26 2026: ✅ Login OK
✅ AI سالم
Tue Aug 18 01:26:45 2026: ✅ Login OK
✅ AI سالم
Tue Aug 18 02:26:53 2026: ✅ Login OK
✅ AI سالم
Tue Aug 18 03:27:06 2026: ✅ Login OK
✅ AI سالم
Tue Aug 18 04:27:18 2026: ✅ Login OK
✅ AI سالم
Tue Aug 18 05:27:30 2026: ✅ Login OK
✅ AI سالم
Tue Aug 18 06:27:59 2026: ✅ Login OK
✅ AI سالم
Tue Aug 18 07:28:14 2026: ✅ Login OK
✅ AI سالم
Tue Aug 18 08:28:26 2026: ✅ Login OK
✅ AI سالم
Tue Aug 18 09:29:00 2026: ✅ Login OK
❌ AI Chat: The read operation timed out
⚠️ مشکل:
Tue Aug 18 09:29:00 2026: ERROR: 
Tue Aug 18 10:29:23 2026: ✅ Login OK
✅ AI سالم
Tue Aug 18 11:29:42 2026: ✅ Login OK
✅ AI سالم
Tue Aug 18 12:29:58 2026: ✅ Login OK
✅ AI سالم
Tue Aug 18 13:30:26 2026: ✅ Login OK
✅ AI سالم
Tue Aug 18 14:31:02 2026: ✅ Login OK
❌ AI Chat: The read operation timed out
⚠️ مشکل:
Tue Aug 18 14:31:02 2026: ERROR: 
Tue Aug 18 15:31:34 2026: ✅ Login OK
✅ AI سالم
Tue Aug 18 16:31:46 2026: ✅ Login OK
✅ AI سالم
Tue Aug 18 17:33:05 2026: ✅ Login OK
❌ AI Chat: The read operation timed out
❌ Dashboard Page: The read operation timed out
⚠️ مشکل:
Tue Aug 18 17:33:05 2026: ERROR: 
Tue Aug 18 18:33:18 2026: ✅ Login OK
✅ AI سالم
Tue Aug 18 19:33:31 2026: ✅ Login OK
✅ AI سالم
Tue Aug 18 20:33:40 2026: ✅ Login OK
✅ AI سالم
Tue Aug 18 21:33:54 2026: ✅ Login OK
✅ AI سالم
Tue Aug 18 22:34:07 2026: ✅ Login OK
✅ AI سالم
Tue Aug 18 23:34:19 2026: ✅ Login OK
✅ AI سالم
Wed Aug 19 00:34:58 2026: ✅ Login OK
❌ AI Chat: The read operation timed out
⚠️ مشکل:
Wed Aug 19 00:34:58 2026: ERROR: 
Wed Aug 19 01:35:10 2026: ✅ Login OK
✅ AI سالم
Wed Aug 19 02:35:23 2026: ✅ Login OK
✅ AI سالم
Wed Aug 19 03:35:48 2026: ✅ Login OK
✅ AI سالم
Wed Aug 19 04:36:01 2026: ✅ Login OK
✅ AI سالم
Wed Aug 19 05:36:15 2026: ✅ Login OK
✅ AI سالم
Wed Aug 19 06:36:27 2026: ✅ Login OK
✅ AI سالم
Wed Aug 19 07:36:51 2026: ✅ Login OK
✅ AI سالم
Wed Aug 19 08:37:22 2026: ✅ Login OK
✅ AI سالم
Wed Aug 19 09:37:40 2026: ✅ Login OK
✅ AI سالم
Wed Aug 19 10:38:12 2026: ✅ Login OK
✅ AI سالم
Wed Aug 19 11:39:00 2026: ✅ Login OK
❌ AI Chat: The read operation timed out
⚠️ مشکل:
Wed Aug 19 11:39:00 2026: ERROR: 
Wed Aug 19 12:39:25 2026: ✅ Login OK
✅ AI سالم
Wed Aug 19 13:39:58 2026: ✅ Login OK
❌ AI Chat: The read operation timed out
⚠️ مشکل:
Wed Aug 19 13:39:58 2026: ERROR: 
Wed Aug 19 14:40:19 2026: ✅ Login OK
✅ AI سالم
Wed Aug 19 15:40:34 2026: ✅ Login OK
✅ AI سالم
Wed Aug 19 16:40:47 2026: ✅ Login OK
✅ AI سالم
Wed Aug 19 17:41:01 2026: ✅ Login OK
✅ AI سالم
Wed Aug 19 18:41:14 2026: ✅ Login OK
✅ AI سالم
Wed Aug 19 19:41:38 2026: ✅ Login OK
✅ AI سالم
Wed Aug 19 20:41:53 2026: ❌ Login failed: The read operation timed out
Wed Aug 19 20:41:53 2026: ERROR: 
Wed Aug 19 21:42:04 2026: ✅ Login OK
✅ AI سالم
Wed Aug 19 22:42:16 2026: ✅ Login OK
✅ AI سالم
Wed Aug 19 23:42:35 2026: ✅ Login OK
✅ AI سالم
Thu Aug 20 00:42:47 2026: ✅ Login OK
✅ AI سالم
Thu Aug 20 01:42:55 2026: ✅ Login OK
✅ AI سالم
Thu Aug 20 02:43:04 2026: ✅ Login OK
✅ AI سالم
Thu Aug 20 03:43:16 2026: ✅ Login OK
✅ AI سالم
Thu Aug 20 04:43:37 2026: ✅ Login OK
✅ AI سالم
Thu Aug 20 05:43:56 2026: ✅ Login OK
✅ AI سالم
Thu Aug 20 06:44:09 2026: ✅ Login OK
✅ AI سالم
Thu Aug 20 07:44:35 2026: ✅ Login OK
✅ AI سالم
Thu Aug 20 08:44:53 2026: ✅ Login OK
✅ AI سالم
Thu Aug 20 09:45:04 2026: ✅ Login OK
✅ AI سالم
Thu Aug 20 10:45:17 2026: ✅ Login OK
✅ AI سالم
Thu Aug 20 11:45:41 2026: ✅ Login OK
✅ AI سالم
Thu Aug 20 12:46:12 2026: ✅ Login OK
✅ AI سالم
Thu Aug 20 13:46:21 2026: ✅ Login OK
✅ AI سالم
Thu Aug 20 14:47:12 2026: ✅ Login OK
❌ AI Chat: The read operation timed out
⚠️ مشکل:
Thu Aug 20 14:47:12 2026: ERROR: 
Thu Aug 20 15:47:24 2026: ✅ Login OK
✅ AI سالم
Thu Aug 20 16:47:37 2026: ✅ Login OK
✅ AI سالم
Thu Aug 20 17:47:49 2026: ✅ Login OK
✅ AI سالم
Thu Aug 20 18:48:13 2026: ✅ Login OK
✅ AI سالم
Thu Aug 20 19:48:25 2026: ✅ Login OK
✅ AI سالم
Thu Aug 20 20:48:57 2026: ✅ Login OK
✅ AI سالم
Thu Aug 20 21:49:09 2026: ✅ Login OK
✅ AI سالم
Thu Aug 20 22:49:21 2026: ✅ Login OK
✅ AI سالم
Thu Aug 20 23:49:34 2026: ✅ Login OK
✅ AI سالم
Fri Aug 21 00:49:42 2026: ✅ Login OK
✅ AI سالم
Fri Aug 21 01:49:57 2026: ✅ Login OK
✅ AI سالم
Fri Aug 21 02:50:14 2026: ✅ Login OK
✅ AI سالم
Fri Aug 21 03:50:21 2026: ✅ Login OK
✅ AI سالم
Fri Aug 21 04:50:38 2026: ✅ Login OK
✅ AI سالم
Fri Aug 21 05:51:03 2026: ✅ Login OK
✅ AI سالم
Fri Aug 21 06:51:33 2026: ✅ Login OK
✅ AI سالم
Fri Aug 21 07:51:45 2026: ✅ Login OK
✅ AI سالم
Fri Aug 21 08:52:40 2026: ✅ Login OK
❌ AI Chat: The read operation timed out
⚠️ مشکل:
Fri Aug 21 08:52:40 2026: ERROR: 
Fri Aug 21 09:52:59 2026: ✅ Login OK
✅ AI سالم
Fri Aug 21 10:53:09 2026: ✅ Login OK
✅ AI سالم
Fri Aug 21 11:53:29 2026: ✅ Login OK
✅ AI سالم
Fri Aug 21 12:53:42 2026: ✅ Login OK
✅ AI سالم
Fri Aug 21 13:54:11 2026: ✅ Login OK
✅ AI سالم
Fri Aug 21 14:54:44 2026: ✅ Login OK
❌ AI Chat: The read operation timed out
⚠️ مشکل:
Fri Aug 21 14:54:44 2026: ERROR: 
Fri Aug 21 15:54:54 2026: ✅ Login OK
✅ AI سالم
Fri Aug 21 16:55:07 2026: ✅ Login OK
✅ AI سالم
Fri Aug 21 17:55:20 2026: ✅ Login OK
✅ AI سالم
Fri Aug 21 18:55:34 2026: ✅ Login OK
✅ AI سالم
Fri Aug 21 19:55:46 2026: ✅ Login OK
✅ AI سالم
Fri Aug 21 20:55:59 2026: ✅ Login OK
✅ AI سالم
Fri Aug 21 21:56:28 2026: ✅ Login OK
✅ AI سالم
Fri Aug 21 22:56:41 2026: ✅ Login OK
✅ AI سالم
Fri Aug 21 23:56:53 2026: ✅ Login OK
✅ AI سالم
Sat Aug 22 00:57:07 2026: ✅ Login OK
✅ AI سالم
Sat Aug 22 01:57:23 2026: ✅ Login OK
✅ AI سالم
Sat Aug 22 02:57:35 2026: ✅ Login OK
✅ AI سالم
Sat Aug 22 03:57:49 2026: ✅ Login OK
✅ AI سالم
Sat Aug 22 04:58:15 2026: ✅ Login OK
✅ AI سالم
Sat Aug 22 05:58:25 2026: ✅ Login OK
✅ AI سالم
Sat Aug 22 06:58:37 2026: ✅ Login OK
✅ AI سالم
Sat Aug 22 07:58:50 2026: ✅ Login OK
✅ AI سالم
Sat Aug 22 08:59:04 2026: ✅ Login OK
✅ AI سالم
Sat Aug 22 09:59:17 2026: ✅ Login OK
✅ AI سالم
Sat Aug 22 10:59:29 2026: ✅ Login OK
✅ AI سالم
Sat Aug 22 11:59:40 2026: ✅ Login OK
✅ AI سالم
Sat Aug 22 13:00:03 2026: ✅ Login OK
✅ AI سالم
Sat Aug 22 14:00:16 2026: ✅ Login OK
✅ AI سالم
Sat Aug 22 15:00:29 2026: ✅ Login OK
✅ AI سالم
Sat Aug 22 16:00:44 2026: ✅ Login OK
✅ AI سالم
Sat Aug 22 17:00:56 2026: ✅ Login OK
✅ AI سالم
Sat Aug 22 18:01:09 2026: ✅ Login OK
✅ AI سالم
Sat Aug 22 19:01:21 2026: ✅ Login OK
✅ AI سالم
Sat Aug 22 20:01:32 2026: ✅ Login OK
✅ AI سالم
Sat Aug 22 21:01:45 2026: ✅ Login OK
✅ AI سالم
Sat Aug 22 22:01:55 2026: ✅ Login OK
✅ AI سالم
Sat Aug 22 23:02:03 2026: ✅ Login OK
✅ AI سالم
Sun Aug 23 00:02:56 2026: ✅ Login OK
❌ AI Chat: The read operation timed out
⚠️ مشکل:
Sun Aug 23 00:02:56 2026: ERROR: 
Sun Aug 23 01:03:04 2026: ✅ Login OK
✅ AI سالم
Sun Aug 23 02:03:16 2026: ✅ Login OK
✅ AI سالم
Sun Aug 23 03:03:29 2026: ✅ Login OK
✅ AI سالم
Sun Aug 23 04:03:42 2026: ✅ Login OK
✅ AI سالم
Sun Aug 23 05:03:57 2026: ✅ Login OK
✅ AI سالم
Sun Aug 23 06:04:18 2026: ✅ Login OK
✅ AI سالم
Sun Aug 23 07:04:45 2026: ✅ Login OK
✅ AI سالم
Sun Aug 23 08:04:56 2026: ✅ Login OK
✅ AI سالم
Sun Aug 23 09:05:07 2026: ✅ Login OK
✅ AI سالم
Sun Aug 23 10:05:19 2026: ✅ Login OK
✅ AI سالم
Sun Aug 23 11:05:46 2026: ✅ Login OK
✅ AI سالم
